v = 5       h = 0       p = 45      d = 2.5493
v = 5       h = 5       p = 24.262  d = 5.6561
v = 5       h = 10      p = 18.584  d = 7.5819
v = 5       h = 15      p = 15.635  d = 9.1092
v = 5       h = 20      p = 13.754  d = 10.415
v = 5       h = 25      p = 12.421  d = 11.574
v = 5       h = 30      p = 11.414  d = 12.628
v = 5       h = 35      p = 10.617  d = 13.6  
v = 5       h = 40      p = 9.967   d = 14.507
v = 5       h = 45      p = 9.4233  d = 15.36 
v = 5       h = 50      p = 8.9599  d = 16.169
v = 5       h = 55      p = 8.5588  d = 16.939
v = 5       h = 60      p = 8.2071  d = 17.675
v = 5       h = 65      p = 7.8955  d = 18.382
v = 5       h = 70      p = 7.6169  d = 19.063
v = 5       h = 75      p = 7.3659  d = 19.72 
v = 5       h = 80      p = 7.1381  d = 20.356
v = 5       h = 85      p = 6.9303  d = 20.973
v = 5       h = 90      p = 6.7396  d = 21.572
v = 5       h = 95      p = 6.5638  d = 22.155
v = 5       h = 100     p = 6.4011  d = 22.723
v = 10      h = 0       p = 45      d = 10.197
v = 10      h = 5       p = 35.396  d = 14.351
v = 10      h = 10      p = 30.161  d = 17.548
v = 10      h = 15      p = 26.733  d = 20.246
v = 10      h = 20      p = 24.262  d = 22.625
v = 10      h = 25      p = 22.371  d = 24.776
v = 10      h = 30      p = 20.864  d = 26.755
v = 10      h = 35      p = 19.625  d = 28.597
v = 10      h = 40      p = 18.584  d = 30.327
v = 10      h = 45      p = 17.693  d = 31.964
v = 10      h = 50      p = 16.92   d = 33.522
v = 10      h = 55      p = 16.239  d = 35.01 
v = 10      h = 60      p = 15.635  d = 36.437
v = 10      h = 65      p = 15.093  d = 37.81 
v = 10      h = 70      p = 14.604  d = 39.135
v = 10      h = 75      p = 14.16   d = 40.417
v = 10      h = 80      p = 13.754  d = 41.66 
v = 10      h = 85      p = 13.381  d = 42.866
v = 10      h = 90      p = 13.037  d = 44.039
v = 10      h = 95      p = 12.718  d = 45.182
v = 10      h = 100     p = 12.421  d = 46.297
v = 15      h = 0       p = 45      d = 22.944
v = 15      h = 5       p = 39.846  d = 27.493
v = 15      h = 10      p = 36.165  d = 31.389
v = 15      h = 15      p = 33.357  d = 34.853
v = 15      h = 20      p = 31.121  d = 38.002
v = 15      h = 25      p = 29.285  d = 40.91 
v = 15      h = 30      p = 27.742  d = 43.624
v = 15      h = 35      p = 26.42   d = 46.179
v = 15      h = 40      p = 25.272  d = 48.599
v = 15      h = 45      p = 24.262  d = 50.905
v = 15      h = 50      p = 23.364  d = 53.111
v = 15      h = 55      p = 22.559  d = 55.229
v = 15      h = 60      p = 21.833  d = 57.268
v = 15      h = 65      p = 21.172  d = 59.237
v = 15      h = 70      p = 20.568  d = 61.143
v = 15      h = 75      p = 20.013  d = 62.992
v = 15      h = 80      p = 19.501  d = 64.787
v = 15      h = 85      p = 19.026  d = 66.534
v = 15      h = 90      p = 18.584  d = 68.237
v = 15      h = 95      p = 18.172  d = 69.898
v = 15      h = 100     p = 17.786  d = 71.52 
v = 20      h = 0       p = 45      d = 40.789
v = 20      h = 5       p = 41.865  d = 45.515
v = 20      h = 10      p = 39.322  d = 49.794
v = 20      h = 15      p = 37.201  d = 53.734
v = 20      h = 20      p = 35.396  d = 57.404
v = 20      h = 25      p = 33.833  d = 60.853
v = 20      h = 30      p = 32.463  d = 64.117
v = 20      h = 35      p = 31.248  d = 67.223
v = 20      h = 40      p = 30.161  d = 70.191
v = 20      h = 45      p = 29.181  d = 73.039
v = 20      h = 50      p = 28.291  d = 75.78 
v = 20      h = 55      p = 27.479  d = 78.425
v = 20      h = 60      p = 26.733  d = 80.984
v = 20      h = 65      p = 26.045  d = 83.464
v = 20      h = 70      p = 25.407  d = 85.873
v = 20      h = 75      p = 24.815  d = 88.216
v = 20      h = 80      p = 24.262  d = 90.498
v = 20      h = 85      p = 23.744  d = 92.724
v = 20      h = 90      p = 23.259  d = 94.898
v = 20      h = 95      p = 22.802  d = 97.023
v = 20      h = 100     p = 22.371  d = 99.103
v = 25      h = 0       p = 45      d = 63.732
v = 25      h = 5       p = 42.914  d = 68.55 
v = 25      h = 10      p = 41.103  d = 73.051
v = 25      h = 15      p = 39.508  d = 77.29 
v = 25      h = 20      p = 38.09   d = 81.309
v = 25      h = 25      p = 36.818  d = 85.138
v = 25      h = 30      p = 35.667  d = 88.802
v = 25      h = 35      p = 34.619  d = 92.32 
v = 25      h = 40      p = 33.659  d = 95.71 
v = 25      h = 45      p = 32.776  d = 98.983
v = 25      h = 50      p = 31.96   d = 102.15
v = 25      h = 55      p = 31.202  d = 105.23
v = 25      h = 60      p = 30.496  d = 108.21
v = 25      h = 65      p = 29.837  d = 111.12
v = 25      h = 70      p = 29.219  d = 113.95
v = 25      h = 75      p = 28.637  d = 116.71
v = 25      h = 80      p = 28.09   d = 119.41
v = 25      h = 85      p = 27.573  d = 122.05
v = 25      h = 90      p = 27.083  d = 124.63
v = 25      h = 95      p = 26.619  d = 127.16
v = 25      h = 100     p = 26.178  d = 129.65
